../Core/Src/main.c:87:5:main	8	static
../Core/Src/main.c:142:6:SystemClock_Config	88	static
../Core/Src/main.c:183:6:system_init	8	static
../Core/Src/main.c:193:9:isButtonClear	8	static
../Core/Src/main.c:198:9:isButtonStart	8	static
../Core/Src/main.c:203:9:isButtonTop	8	static
../Core/Src/main.c:207:9:isButtonDown	8	static
../Core/Src/main.c:211:9:isButtonLeft	8	static
../Core/Src/main.c:215:9:isButtonRight	8	static
../Core/Src/main.c:219:6:touchProcess	24	static
../Core/Src/main.c:281:6:Error_Handler	4	static,ignoring_inline_asm
